[2025-12-27 16:14:08.513] [jointLog] [info] setting maxHashResizeThreads to 4
[2025-12-27 16:14:08.513] [jointLog] [info] Fragment incompatibility prior below threshold.  Incompatible fragments will be ignored.
[2025-12-27 16:14:08.513] [jointLog] [info] Usage of --validateMappings implies use of minScoreFraction. Since not explicitly specified, it is being set to 0.65
[2025-12-27 16:14:08.513] [jointLog] [info] Setting consensusSlack to selective-alignment default of 0.35.
[2025-12-27 16:14:08.513] [jointLog] [info] parsing read library format
[2025-12-27 16:14:08.513] [jointLog] [info] There is 1 library.
[2025-12-27 16:14:08.513] [jointLog] [info] Loading pufferfish index
[2025-12-27 16:14:08.513] [jointLog] [info] Loading dense pufferfish index.
[2025-12-27 16:14:08.539] [jointLog] [info] done
[2025-12-27 16:14:08.588] [jointLog] [info] Index contained 20,900 targets
[2025-12-27 16:14:08.615] [jointLog] [info] Number of decoys : 0
[2025-12-27 16:18:32.141] [jointLog] [info] Automatically detected most likely library type as IU

[2025-12-27 16:22:44.347] [fileLog] [info] 
At end of round 0
==================
Observed 24678203 total fragments (24678203 in most recent round)

[2025-12-27 16:22:44.346] [jointLog] [info] Computed 5,448 rich equivalence classes for further processing
[2025-12-27 16:22:44.346] [jointLog] [info] Counted 377,269 total reads in the equivalence classes 
[2025-12-27 16:22:44.351] [jointLog] [info] Number of mappings discarded because of alignment score : 2,534,449
[2025-12-27 16:22:44.351] [jointLog] [info] Number of fragments entirely discarded because of alignment score : 1,655,912
[2025-12-27 16:22:44.351] [jointLog] [info] Number of fragments discarded because they are best-mapped to decoys : 0
[2025-12-27 16:22:44.351] [jointLog] [info] Number of fragments discarded because they have only dovetail (discordant) mappings to valid targets : 31,017
[2025-12-27 16:22:44.351] [jointLog] [warning] Only 377269 fragments were mapped, but the number of burn-in fragments was set to 5000000.
The effective lengths have been computed using the observed mappings.

[2025-12-27 16:22:44.351] [jointLog] [info] Mapping rate = 1.52875%

[2025-12-27 16:22:44.351] [jointLog] [info] finished quantifyLibrary()
[2025-12-27 16:22:44.351] [jointLog] [info] Starting optimizer
[2025-12-27 16:22:44.360] [jointLog] [info] Marked 0 weighted equivalence classes as degenerate
[2025-12-27 16:22:44.361] [jointLog] [info] iteration = 0 | max rel diff. = 56.3842
[2025-12-27 16:22:44.374] [jointLog] [info] iteration 11, adjusting effective lengths to account for biases
[2025-12-27 16:22:45.029] [jointLog] [info] Computed expected counts (for bias correction)
[2025-12-27 16:22:45.029] [jointLog] [info] processed bias for 0.0% of the transcripts
[2025-12-27 16:22:45.039] [jointLog] [info] processed bias for 10.0% of the transcripts
[2025-12-27 16:22:45.047] [jointLog] [info] processed bias for 20.1% of the transcripts
[2025-12-27 16:22:45.053] [jointLog] [info] processed bias for 30.0% of the transcripts
[2025-12-27 16:22:45.057] [jointLog] [info] processed bias for 40.0% of the transcripts
[2025-12-27 16:22:45.061] [jointLog] [info] processed bias for 50.3% of the transcripts
[2025-12-27 16:22:45.088] [jointLog] [info] processed bias for 60.0% of the transcripts
[2025-12-27 16:22:45.104] [jointLog] [info] processed bias for 70.1% of the transcripts
[2025-12-27 16:22:45.147] [jointLog] [info] processed bias for 80.0% of the transcripts
[2025-12-27 16:22:45.227] [jointLog] [info] processed bias for 90.0% of the transcripts
[2025-12-27 16:22:45.493] [jointLog] [info] processed bias for 100.0% of the transcripts
[2025-12-27 16:22:45.667] [jointLog] [info] iteration = 100 | max rel diff. = 3.56806e-09
[2025-12-27 16:22:45.668] [jointLog] [info] Finished optimizer
[2025-12-27 16:22:45.668] [jointLog] [info] writing output 

