[2025-12-27 16:48:08.917] [jointLog] [info] setting maxHashResizeThreads to 4
[2025-12-27 16:48:08.917] [jointLog] [info] Fragment incompatibility prior below threshold.  Incompatible fragments will be ignored.
[2025-12-27 16:48:08.917] [jointLog] [info] Usage of --validateMappings implies use of minScoreFraction. Since not explicitly specified, it is being set to 0.65
[2025-12-27 16:48:08.917] [jointLog] [info] Setting consensusSlack to selective-alignment default of 0.35.
[2025-12-27 16:48:08.917] [jointLog] [info] parsing read library format
[2025-12-27 16:48:08.917] [jointLog] [info] There is 1 library.
[2025-12-27 16:48:08.918] [jointLog] [info] Loading pufferfish index
[2025-12-27 16:48:08.919] [jointLog] [info] Loading dense pufferfish index.
[2025-12-27 16:48:09.003] [jointLog] [info] done
[2025-12-27 16:48:09.019] [jointLog] [info] Index contained 20,900 targets
[2025-12-27 16:48:09.047] [jointLog] [info] Number of decoys : 0
[2025-12-27 16:52:05.368] [jointLog] [info] Automatically detected most likely library type as IU

[2025-12-27 16:55:36.814] [jointLog] [info] Computed 5,574 rich equivalence classes for further processing
[2025-12-27 16:55:36.814] [jointLog] [info] Counted 354,061 total reads in the equivalence classes 
[2025-12-27 16:55:36.816] [jointLog] [info] Number of mappings discarded because of alignment score : 2,869,720
[2025-12-27 16:55:36.816] [jointLog] [info] Number of fragments entirely discarded because of alignment score : 1,677,134
[2025-12-27 16:55:36.816] [jointLog] [info] Number of fragments discarded because they are best-mapped to decoys : 0
[2025-12-27 16:55:36.816] [jointLog] [info] Number of fragments discarded because they have only dovetail (discordant) mappings to valid targets : 37,960
[2025-12-27 16:55:36.817] [jointLog] [warning] Only 354061 fragments were mapped, but the number of burn-in fragments was set to 5000000.
The effective lengths have been computed using the observed mappings.

[2025-12-27 16:55:36.817] [jointLog] [info] Mapping rate = 1.57388%

[2025-12-27 16:55:36.817] [jointLog] [info] finished quantifyLibrary()
[2025-12-27 16:55:36.818] [jointLog] [info] Starting optimizer
[2025-12-27 16:55:36.831] [jointLog] [info] Marked 0 weighted equivalence classes as degenerate
[2025-12-27 16:55:36.832] [jointLog] [info] iteration = 0 | max rel diff. = 16.8992
[2025-12-27 16:55:36.842] [jointLog] [info] iteration 11, adjusting effective lengths to account for biases
[2025-12-27 16:55:36.814] [fileLog] [info] 
At end of round 0
==================
Observed 22496069 total fragments (22496069 in most recent round)

[2025-12-27 16:55:37.469] [jointLog] [info] Computed expected counts (for bias correction)
[2025-12-27 16:55:37.469] [jointLog] [info] processed bias for 0.0% of the transcripts
[2025-12-27 16:55:37.480] [jointLog] [info] processed bias for 10.0% of the transcripts
[2025-12-27 16:55:37.488] [jointLog] [info] processed bias for 20.1% of the transcripts
[2025-12-27 16:55:37.494] [jointLog] [info] processed bias for 30.0% of the transcripts
[2025-12-27 16:55:37.499] [jointLog] [info] processed bias for 40.0% of the transcripts
[2025-12-27 16:55:37.502] [jointLog] [info] processed bias for 50.3% of the transcripts
[2025-12-27 16:55:37.531] [jointLog] [info] processed bias for 60.0% of the transcripts
[2025-12-27 16:55:37.555] [jointLog] [info] processed bias for 70.0% of the transcripts
[2025-12-27 16:55:37.604] [jointLog] [info] processed bias for 80.0% of the transcripts
[2025-12-27 16:55:37.681] [jointLog] [info] processed bias for 90.0% of the transcripts
[2025-12-27 16:55:37.856] [jointLog] [info] processed bias for 100.0% of the transcripts
[2025-12-27 16:55:37.983] [jointLog] [info] iteration = 100 | max rel diff. = 8.48853e-10
[2025-12-27 16:55:37.983] [jointLog] [info] Finished optimizer
[2025-12-27 16:55:37.983] [jointLog] [info] writing output 

