[2025-12-27 15:51:27.659] [puff::index::jointLog] [info] Running fixFasta
[2025-12-27 15:51:27.939] [puff::index::jointLog] [warning] Entry with header [NODE_29750_length_78_cov_619.000000_1] appeared to be all A's; it will be removed from the index!
[2025-12-27 15:51:27.939] [puff::index::jointLog] [warning] Discarding entry with header [NODE_29750_length_78_cov_619.000000_1], since it had length 0 (perhaps after poly-A clipping)
[2025-12-27 15:51:27.939] [puff::index::jointLog] [warning] Removed 2 transcripts that were sequence duplicates of indexed transcripts.
[2025-12-27 15:51:27.939] [puff::index::jointLog] [warning] If you wish to retain duplicate transcripts, please use the `--keepDuplicates` flag
[2025-12-27 15:51:27.940] [puff::index::jointLog] [info] Replaced 0 non-ATCG nucleotides
[2025-12-27 15:51:27.940] [puff::index::jointLog] [info] Clipped poly-A tails from 6 transcripts
[2025-12-27 15:51:27.977] [puff::index::jointLog] [info] Filter size not provided; estimating from number of distinct k-mers
[2025-12-27 15:51:28.036] [puff::index::jointLog] [info] ntHll estimated 3916440 distinct k-mers, setting filter size to 2^27
[2025-12-27 15:51:31.694] [puff::index::jointLog] [info] Starting the Pufferfish indexing by reading the GFA binary file.
[2025-12-27 15:51:31.694] [puff::index::jointLog] [info] Setting the index/BinaryGfa directory salmon_orf_index
[2025-12-27 15:51:31.704] [puff::index::jointLog] [info] Done wrapping the rank vector with a rank9sel structure.
[2025-12-27 15:51:31.705] [puff::index::jointLog] [info] contig count for validation: 27,896
[2025-12-27 15:51:31.713] [puff::index::jointLog] [info] Total # of Contigs : 27,896
[2025-12-27 15:51:31.713] [puff::index::jointLog] [info] Total # of numerical Contigs : 27,896
[2025-12-27 15:51:31.713] [puff::index::jointLog] [info] Total # of contig vec entries: 34,395
[2025-12-27 15:51:31.713] [puff::index::jointLog] [info] bits per offset entry 16
[2025-12-27 15:51:31.714] [puff::index::jointLog] [info] Done constructing the contig vector. 27897
[2025-12-27 15:51:31.720] [puff::index::jointLog] [info] # segments = 27,896
[2025-12-27 15:51:31.720] [puff::index::jointLog] [info] total length = 4,779,335
[2025-12-27 15:51:31.723] [puff::index::jointLog] [info] Reading the reference files ...
[2025-12-27 15:51:31.739] [puff::index::jointLog] [info] positional integer width = 23
[2025-12-27 15:51:31.739] [puff::index::jointLog] [info] seqSize = 4,779,335
[2025-12-27 15:51:31.739] [puff::index::jointLog] [info] rankSize = 4,779,335
[2025-12-27 15:51:31.739] [puff::index::jointLog] [info] edgeVecSize = 0
[2025-12-27 15:51:31.739] [puff::index::jointLog] [info] num keys = 3,942,455
[2025-12-27 15:51:32.087] [puff::index::jointLog] [info] mphf size = 2.46322 MB
[2025-12-27 15:51:32.095] [puff::index::jointLog] [info] chunk size = 2,389,668
[2025-12-27 15:51:32.095] [puff::index::jointLog] [info] chunk 0 = [0, 2,389,668)
[2025-12-27 15:51:32.095] [puff::index::jointLog] [info] chunk 1 = [2,389,668, 4,779,305)
[2025-12-27 15:51:32.336] [puff::index::jointLog] [info] finished populating pos vector
[2025-12-27 15:51:32.336] [puff::index::jointLog] [info] writing index components
[2025-12-27 15:51:32.349] [puff::index::jointLog] [info] finished writing dense pufferfish index
