[2025-12-27 15:39:11,115] multiqc                                            [DEBUG  ]  This is MultiQC v1.18
[2025-12-27 15:39:11,118] multiqc                                            [DEBUG  ]  Command used: /usr/bin/multiqc Output/RNAseq/QC -o Output/RNAseq/QC
[2025-12-27 15:39:12,069] multiqc                                            [WARNING]  MultiQC Version v1.33 now available!
[2025-12-27 15:39:12,069] multiqc                                            [DEBUG  ]  Working dir : /workspaces/Coptis_Genomic_Insights
[2025-12-27 15:39:12,069] multiqc                                            [DEBUG  ]  Template    : default
[2025-12-27 15:39:12,069] multiqc                                            [DEBUG  ]  Running Python 3.12.3 (main, Nov  6 2025, 13:44:16) [GCC 13.3.0]
[2025-12-27 15:39:12,070] multiqc                                            [DEBUG  ]  Analysing modules: custom_content, ccs, ngsderive, purple, conpair, lima, peddy, somalier, methylQA, mosdepth, phantompeakqualtools, qualimap, preseq, hifiasm, quast, qorts, rna_seqc, rockhopper, rsem, rseqc, busco, bustools, goleft_indexcov, gffcompare, disambiguate, supernova, deeptools, sargasso, verifybamid, mirtrace, happy, mirtop, sambamba, gopeaks, homer, hops, macs2, theta2, snpeff, gatk, htseq, bcftools, featureCounts, fgbio, dragen, dragen_fastqc, dedup, pbmarkdup, damageprofiler, mapdamage, biobambam2, jcvi, mtnucratio, picard, vep, bakta, prokka, qc3C, nanostat, samblaster, samtools, sexdeterrmine, seqera_cli, eigenstratdatabasetools, bamtools, jellyfish, vcftools, longranger, stacks, varscan2, snippy, umitools, truvari, bbmap, bismark, biscuit, diamond, hicexplorer, hicup, hicpro, salmon, kallisto, slamdunk, star, hisat2, tophat, bowtie2, bowtie1, cellranger, snpsplit, odgi, pangolin, nextclade, freyja, humid, kat, leehom, librarian, adapterRemoval, bbduk, clipandmerge, cutadapt, flexbar, sourmash, kaiju, bracken, kraken, malt, motus, trimmomatic, sickle, skewer, sortmerna, biobloomtools, fastq_screen, afterqc, fastp, fastqc, filtlong, prinseqplusplus, pychopper, porechop, pycoqc, minionqc, anglerfish, multivcfanalyzer, clusterflow, checkqc, bcl2fastq, bclconvert, interop, ivar, flash, seqyclean, optitype, whatshap, xenome, xengsort
[2025-12-27 15:39:12,070] multiqc                                            [DEBUG  ]  Using temporary directory for creating report: /tmp/tmpc1atyszf
[2025-12-27 15:39:12,073] multiqc                                            [INFO   ]  Search path : /workspaces/Coptis_Genomic_Insights/Output/RNAseq/QC
[2025-12-27 15:39:12,374] multiqc                                            [DEBUG  ]  Summary of files that were skipped by the search: [skipped_module_specific_max_filesize: 144] // [skipped_no_match: 12]
[2025-12-27 15:39:16,617] multiqc.plots.bargraph                             [DEBUG  ]  Using matplotlib version 3.6.3
[2025-12-27 15:39:16,618] multiqc.plots.linegraph                            [DEBUG  ]  Using matplotlib version 3.6.3
[2025-12-27 15:39:16,619] multiqc                                            [DEBUG  ]  No samples found: custom_content
[2025-12-27 15:39:17,688] multiqc.modules.fastqc.fastqc                      [INFO   ]  Found 12 reports
[2025-12-27 15:39:17,719] multiqc.utils.software_versions                    [DEBUG  ]  Reading software versions from config.software_versions
[2025-12-27 15:39:17,730] multiqc                                            [DEBUG  ]  Compressing plot data
[2025-12-27 15:39:17,864] multiqc                                            [INFO   ]  Report      : Output/RNAseq/QC/multiqc_report.html
[2025-12-27 15:39:17,864] multiqc                                            [INFO   ]  Data        : Output/RNAseq/QC/multiqc_data
[2025-12-27 15:39:17,864] multiqc                                            [DEBUG  ]  Moving data file from '/tmp/tmpc1atyszf/multiqc_data' to 'Output/RNAseq/QC/multiqc_data'
[2025-12-27 15:39:17,867] multiqc                                            [DEBUG  ]  Full report path: /workspaces/Coptis_Genomic_Insights/Output/RNAseq/QC/multiqc_report.html
[2025-12-27 15:39:18,062] multiqc                                            [ERROR  ]  Could not include file 'assets/js/packages/jszip.min.js': [Errno 2] No such file or directory: '/tmp/tmpc1atyszf/assets/js/packages/jszip.min.js'
[2025-12-27 15:39:18,104] multiqc                                            [INFO   ]  MultiQC complete
