[2025-12-27 16:38:32.980] [jointLog] [info] setting maxHashResizeThreads to 4
[2025-12-27 16:38:32.980] [jointLog] [info] Fragment incompatibility prior below threshold.  Incompatible fragments will be ignored.
[2025-12-27 16:38:32.980] [jointLog] [info] Usage of --validateMappings implies use of minScoreFraction. Since not explicitly specified, it is being set to 0.65
[2025-12-27 16:38:32.980] [jointLog] [info] Setting consensusSlack to selective-alignment default of 0.35.
[2025-12-27 16:38:32.980] [jointLog] [info] parsing read library format
[2025-12-27 16:38:32.980] [jointLog] [info] There is 1 library.
[2025-12-27 16:38:32.987] [jointLog] [info] Loading pufferfish index
[2025-12-27 16:38:32.987] [jointLog] [info] Loading dense pufferfish index.
[2025-12-27 16:38:33.112] [jointLog] [info] done
[2025-12-27 16:38:33.130] [jointLog] [info] Index contained 20,900 targets
[2025-12-27 16:38:33.162] [jointLog] [info] Number of decoys : 0
[2025-12-27 16:42:40.768] [jointLog] [info] Automatically detected most likely library type as IU

[2025-12-27 16:46:15.424] [jointLog] [info] Computed 5,425 rich equivalence classes for further processing
[2025-12-27 16:46:15.424] [jointLog] [info] Counted 356,823 total reads in the equivalence classes 
[2025-12-27 16:46:15.426] [jointLog] [info] Number of mappings discarded because of alignment score : 2,560,138
[2025-12-27 16:46:15.426] [jointLog] [info] Number of fragments entirely discarded because of alignment score : 1,602,210
[2025-12-27 16:46:15.426] [jointLog] [info] Number of fragments discarded because they are best-mapped to decoys : 0
[2025-12-27 16:46:15.426] [jointLog] [info] Number of fragments discarded because they have only dovetail (discordant) mappings to valid targets : 32,954
[2025-12-27 16:46:15.426] [jointLog] [warning] Only 356823 fragments were mapped, but the number of burn-in fragments was set to 5000000.
The effective lengths have been computed using the observed mappings.

[2025-12-27 16:46:15.426] [jointLog] [info] Mapping rate = 1.54452%

[2025-12-27 16:46:15.426] [jointLog] [info] finished quantifyLibrary()
[2025-12-27 16:46:15.436] [jointLog] [info] Starting optimizer
[2025-12-27 16:46:15.471] [jointLog] [info] Marked 0 weighted equivalence classes as degenerate
[2025-12-27 16:46:15.472] [jointLog] [info] iteration = 0 | max rel diff. = 438.728
[2025-12-27 16:46:15.474] [jointLog] [info] iteration 3, adjusting effective lengths to account for biases
[2025-12-27 16:46:15.424] [fileLog] [info] 
At end of round 0
==================
Observed 23102586 total fragments (23102586 in most recent round)

[2025-12-27 16:46:16.117] [jointLog] [info] Computed expected counts (for bias correction)
[2025-12-27 16:46:16.117] [jointLog] [info] processed bias for 0.0% of the transcripts
[2025-12-27 16:46:16.127] [jointLog] [info] processed bias for 10.0% of the transcripts
[2025-12-27 16:46:16.135] [jointLog] [info] processed bias for 20.1% of the transcripts
[2025-12-27 16:46:16.140] [jointLog] [info] processed bias for 30.0% of the transcripts
[2025-12-27 16:46:16.145] [jointLog] [info] processed bias for 40.0% of the transcripts
[2025-12-27 16:46:16.148] [jointLog] [info] processed bias for 50.2% of the transcripts
[2025-12-27 16:46:16.174] [jointLog] [info] processed bias for 60.0% of the transcripts
[2025-12-27 16:46:16.190] [jointLog] [info] processed bias for 70.0% of the transcripts
[2025-12-27 16:46:16.231] [jointLog] [info] processed bias for 80.0% of the transcripts
[2025-12-27 16:46:16.308] [jointLog] [info] processed bias for 90.0% of the transcripts
[2025-12-27 16:46:16.465] [jointLog] [info] processed bias for 100.0% of the transcripts
[2025-12-27 16:46:16.591] [jointLog] [info] iteration = 100 | max rel diff. = 2.61651e-14
[2025-12-27 16:46:16.591] [jointLog] [info] Finished optimizer
[2025-12-27 16:46:16.591] [jointLog] [info] writing output 

