/opt/conda/bin/quast.py ./contigs.fasta -r ../Raw_Data/GCA_015680905.1_ASM1568090v1_cds_from_genomic.fna.gz -o ./Assembly_QC/ -t 2

Version: 5.3.0

System information:
  OS: Linux-6.8.0-1030-azure-x86_64-with-glibc2.39 (linux_64)
  Python version: 3.12.5
  CPUs number: 2

Started: 2025-12-12 14:24:46

Logging to /workspaces/Coptis_Genomic_Insights/Output/Assembly_QC/quast.log

CWD: /workspaces/Coptis_Genomic_Insights/Output
Main parameters: 
  MODE: default, threads: 2, min contig length: 500, min alignment length: 65, min alignment IDY: 95.0, \
  ambiguity: one, min local misassembly length: 200, min extensive misassembly length: 1000

Reference:
  /workspaces/Coptis_Genomic_Insights/Raw_Data/GCA_015680905.1_ASM1568090v1_cds_from_genomic.fna.gz ==> GCA_015680905.1_ASM1568090v1_cds_from_genomic

Contigs:
  Pre-processing...
  ./contigs.fasta ==> contigs

2025-12-12 14:24:50
Running Basic statistics processor...
  Reference genome:
    GCA_015680905.1_ASM1568090v1_cds_from_genomic.fna, length = 38570976, num fragments = 40011, GC % = 42.47
WARNING:   Reference genome is fragmented. You may consider rerunning QUAST using --fragmented option. QUAST will try to detect misassemblies caused by the fragmentation and mark them fake (will be excluded from # misassemblies).
  Contig files: 
    contigs
  Calculating N50 and L50...
    contigs, N50 = 1034, L50 = 224, auN = 8960.3, Total length = 1089988, GC % = 40.03, # N's per 100 kbp =  0.00
  Drawing Nx plot...
    saved to /workspaces/Coptis_Genomic_Insights/Output/Assembly_QC/basic_stats/Nx_plot.pdf
  Drawing NGx plot...
    saved to /workspaces/Coptis_Genomic_Insights/Output/Assembly_QC/basic_stats/NGx_plot.pdf
  Drawing cumulative plot...
    saved to /workspaces/Coptis_Genomic_Insights/Output/Assembly_QC/basic_stats/cumulative_plot.pdf
  Drawing GC content plot...
    saved to /workspaces/Coptis_Genomic_Insights/Output/Assembly_QC/basic_stats/GC_content_plot.pdf
  Drawing contigs GC content plot...
    saved to /workspaces/Coptis_Genomic_Insights/Output/Assembly_QC/basic_stats/contigs_GC_content_plot.pdf
  Drawing Coverage histogram (bin size: 1x)...
    saved to /workspaces/Coptis_Genomic_Insights/Output/Assembly_QC/basic_stats/coverage_histogram.pdf
  Drawing contigs coverage histogram (bin size: 1x)...
    saved to /workspaces/Coptis_Genomic_Insights/Output/Assembly_QC/basic_stats/contigs_coverage_histogram.pdf
Done.

2025-12-12 14:24:53
Running Contig analyzer...
WARNING: Version of installed minimap2 differs from its version in the QUAST package (2.28). Please make sure that you use an actual version of software.
  contigs
  Logging to files /workspaces/Coptis_Genomic_Insights/Output/Assembly_QC/contigs_reports/contigs_report_contigs.stdout and contigs_report_contigs.stderr...
  Aligning contigs to the reference
WARNING: Version of installed minimap2 differs from its version in the QUAST package (2.28). Please make sure that you use an actual version of software.
  /opt/conda/bin/minimap2 -c -x asm10 -B5 -O4,16 --no-long-join -r 200 -N 50 -s 65 \
  -z 200 --mask-level 0.9 --min-occ 200 -g 2500 --score-N 2 --cs -t 2 Assembly_QC/quast_corrected_input/GCA_015680905.1_ASM1568090v1_cds_from_genomic.fna \
  Assembly_QC/quast_corrected_input/contigs.fasta > Assembly_QC/contigs_reports/minimap_output/contigs.coords_tmp \
  2>> Assembly_QC/contigs_reports/contigs_report_contigs.stderr
  Analysis is finished.

  Creating total report...
    saved to /workspaces/Coptis_Genomic_Insights/Output/Assembly_QC/contigs_reports/misassemblies_report.txt, misassemblies_report.tsv, and misassemblies_report.tex
  Transposed version of total report...
    saved to /workspaces/Coptis_Genomic_Insights/Output/Assembly_QC/contigs_reports/transposed_report_misassemblies.txt, transposed_report_misassemblies.tsv, and transposed_report_misassemblies.tex
  Creating total report...
    saved to /workspaces/Coptis_Genomic_Insights/Output/Assembly_QC/contigs_reports/unaligned_report.txt, unaligned_report.tsv, and unaligned_report.tex
  Drawing misassemblies by types plot...
    saved to /workspaces/Coptis_Genomic_Insights/Output/Assembly_QC/contigs_reports/misassemblies_plot.pdf
  Drawing misassemblies FRCurve plot...
    saved to /workspaces/Coptis_Genomic_Insights/Output/Assembly_QC/contigs_reports/misassemblies_frcurve_plot.pdf
Done.

2025-12-12 14:24:58
Running NA-NGA calculation...
  contigs, Largest alignment = 1143, NA50 = None, LA50 = None
  Drawing cumulative plot...
    saved to /workspaces/Coptis_Genomic_Insights/Output/Assembly_QC/aligned_stats/cumulative_plot.pdf
  Drawing NAx plot...
    saved to /workspaces/Coptis_Genomic_Insights/Output/Assembly_QC/aligned_stats/NAx_plot.pdf
  Drawing NGAx plot...
    saved to /workspaces/Coptis_Genomic_Insights/Output/Assembly_QC/aligned_stats/NGAx_plot.pdf
Done.

2025-12-12 14:24:59
Running Genome analyzer...
  NOTICE: No file with genomic features were provided. Use the --features option if you want to specify it.

  NOTICE: No file with operons were provided. Use the -O option if you want to specify it.
  contigs
  Analysis is finished.
  Skipping drawing Genome fraction, % histogram... (less than 2 columns histogram makes no sense)
Done.

NOTICE: Genes are not predicted by default. Use --gene-finding or --glimmer option to enable it.

2025-12-12 14:25:04
Creating large visual summaries...
This may take a while: press Ctrl-C to skip this step..
  1 of 2: Creating PDF with all tables and plots...
  2 of 2: Creating Icarus viewers...
Done

2025-12-12 14:25:20
RESULTS:
  Text versions of total report are saved to /workspaces/Coptis_Genomic_Insights/Output/Assembly_QC/report.txt, report.tsv, and report.tex
  Text versions of transposed total report are saved to /workspaces/Coptis_Genomic_Insights/Output/Assembly_QC/transposed_report.txt, transposed_report.tsv, and transposed_report.tex
  HTML version (interactive tables and plots) is saved to /workspaces/Coptis_Genomic_Insights/Output/Assembly_QC/report.html
  PDF version (tables and plots) is saved to /workspaces/Coptis_Genomic_Insights/Output/Assembly_QC/report.pdf
  Icarus (contig browser) is saved to /workspaces/Coptis_Genomic_Insights/Output/Assembly_QC/icarus.html
  Log is saved to /workspaces/Coptis_Genomic_Insights/Output/Assembly_QC/quast.log

Finished: 2025-12-12 14:25:20
Elapsed time: 0:00:33.823087
NOTICEs: 3; WARNINGs: 3; non-fatal ERRORs: 0

Thank you for using QUAST!
