[2025-12-27 16:29:02.687] [jointLog] [info] setting maxHashResizeThreads to 4
[2025-12-27 16:29:02.687] [jointLog] [info] Fragment incompatibility prior below threshold.  Incompatible fragments will be ignored.
[2025-12-27 16:29:02.687] [jointLog] [info] Usage of --validateMappings implies use of minScoreFraction. Since not explicitly specified, it is being set to 0.65
[2025-12-27 16:29:02.687] [jointLog] [info] Setting consensusSlack to selective-alignment default of 0.35.
[2025-12-27 16:29:02.687] [jointLog] [info] parsing read library format
[2025-12-27 16:29:02.687] [jointLog] [info] There is 1 library.
[2025-12-27 16:29:02.687] [jointLog] [info] Loading pufferfish index
[2025-12-27 16:29:02.687] [jointLog] [info] Loading dense pufferfish index.
[2025-12-27 16:29:02.714] [jointLog] [info] done
[2025-12-27 16:29:02.750] [jointLog] [info] Index contained 20,900 targets
[2025-12-27 16:29:02.781] [jointLog] [info] Number of decoys : 0
[2025-12-27 16:33:20.468] [jointLog] [info] Automatically detected most likely library type as IU

[2025-12-27 16:36:31.013] [fileLog] [info] 
At end of round 0
==================
Observed 22079970 total fragments (22079970 in most recent round)

[2025-12-27 16:36:31.013] [jointLog] [info] Computed 5,257 rich equivalence classes for further processing
[2025-12-27 16:36:31.013] [jointLog] [info] Counted 325,794 total reads in the equivalence classes 
[2025-12-27 16:36:31.015] [jointLog] [info] Number of mappings discarded because of alignment score : 2,560,665
[2025-12-27 16:36:31.015] [jointLog] [info] Number of fragments entirely discarded because of alignment score : 1,582,610
[2025-12-27 16:36:31.015] [jointLog] [info] Number of fragments discarded because they are best-mapped to decoys : 0
[2025-12-27 16:36:31.015] [jointLog] [info] Number of fragments discarded because they have only dovetail (discordant) mappings to valid targets : 35,696
[2025-12-27 16:36:31.015] [jointLog] [warning] Only 325794 fragments were mapped, but the number of burn-in fragments was set to 5000000.
The effective lengths have been computed using the observed mappings.

[2025-12-27 16:36:31.015] [jointLog] [info] Mapping rate = 1.47552%

[2025-12-27 16:36:31.015] [jointLog] [info] finished quantifyLibrary()
[2025-12-27 16:36:31.022] [jointLog] [info] Starting optimizer
[2025-12-27 16:36:31.035] [jointLog] [info] Marked 0 weighted equivalence classes as degenerate
[2025-12-27 16:36:31.036] [jointLog] [info] iteration = 0 | max rel diff. = 46.7953
[2025-12-27 16:36:31.043] [jointLog] [info] iteration 7, adjusting effective lengths to account for biases
[2025-12-27 16:36:31.651] [jointLog] [info] Computed expected counts (for bias correction)
[2025-12-27 16:36:31.651] [jointLog] [info] processed bias for 0.0% of the transcripts
[2025-12-27 16:36:31.661] [jointLog] [info] processed bias for 10.0% of the transcripts
[2025-12-27 16:36:31.669] [jointLog] [info] processed bias for 20.1% of the transcripts
[2025-12-27 16:36:31.675] [jointLog] [info] processed bias for 30.0% of the transcripts
[2025-12-27 16:36:31.679] [jointLog] [info] processed bias for 40.0% of the transcripts
[2025-12-27 16:36:31.682] [jointLog] [info] processed bias for 50.2% of the transcripts
[2025-12-27 16:36:31.712] [jointLog] [info] processed bias for 60.0% of the transcripts
[2025-12-27 16:36:31.728] [jointLog] [info] processed bias for 70.0% of the transcripts
[2025-12-27 16:36:31.770] [jointLog] [info] processed bias for 80.0% of the transcripts
[2025-12-27 16:36:31.844] [jointLog] [info] processed bias for 90.0% of the transcripts
[2025-12-27 16:36:31.997] [jointLog] [info] processed bias for 100.0% of the transcripts
[2025-12-27 16:36:32.092] [jointLog] [info] iteration = 100 | max rel diff. = 0
[2025-12-27 16:36:32.092] [jointLog] [info] Finished optimizer
[2025-12-27 16:36:32.092] [jointLog] [info] writing output 

