[2025-12-27 17:04:40.480] [jointLog] [info] setting maxHashResizeThreads to 4
[2025-12-27 17:04:40.480] [jointLog] [info] Fragment incompatibility prior below threshold.  Incompatible fragments will be ignored.
[2025-12-27 17:04:40.480] [jointLog] [info] Usage of --validateMappings implies use of minScoreFraction. Since not explicitly specified, it is being set to 0.65
[2025-12-27 17:04:40.480] [jointLog] [info] Setting consensusSlack to selective-alignment default of 0.35.
[2025-12-27 17:04:40.480] [jointLog] [info] parsing read library format
[2025-12-27 17:04:40.480] [jointLog] [info] There is 1 library.
[2025-12-27 17:04:40.481] [jointLog] [info] Loading pufferfish index
[2025-12-27 17:04:40.481] [jointLog] [info] Loading dense pufferfish index.
[2025-12-27 17:04:40.553] [jointLog] [info] done
[2025-12-27 17:04:40.572] [jointLog] [info] Index contained 20,900 targets
[2025-12-27 17:04:40.605] [jointLog] [info] Number of decoys : 0
[2025-12-27 17:08:29.470] [jointLog] [info] Automatically detected most likely library type as IU

[2025-12-27 17:12:55.091] [jointLog] [info] Computed 5,591 rich equivalence classes for further processing
[2025-12-27 17:12:55.091] [jointLog] [info] Counted 380,347 total reads in the equivalence classes 
[2025-12-27 17:12:55.093] [jointLog] [info] Number of mappings discarded because of alignment score : 2,801,349
[2025-12-27 17:12:55.093] [jointLog] [info] Number of fragments entirely discarded because of alignment score : 1,704,708
[2025-12-27 17:12:55.093] [jointLog] [info] Number of fragments discarded because they are best-mapped to decoys : 0
[2025-12-27 17:12:55.093] [jointLog] [info] Number of fragments discarded because they have only dovetail (discordant) mappings to valid targets : 35,362
[2025-12-27 17:12:55.094] [jointLog] [warning] Only 380347 fragments were mapped, but the number of burn-in fragments was set to 5000000.
The effective lengths have been computed using the observed mappings.

[2025-12-27 17:12:55.094] [jointLog] [info] Mapping rate = 1.55324%

[2025-12-27 17:12:55.094] [jointLog] [info] finished quantifyLibrary()
[2025-12-27 17:12:55.094] [jointLog] [info] Starting optimizer
[2025-12-27 17:12:55.097] [jointLog] [info] Marked 0 weighted equivalence classes as degenerate
[2025-12-27 17:12:55.099] [jointLog] [info] iteration = 0 | max rel diff. = 1047.08
[2025-12-27 17:12:55.105] [jointLog] [info] iteration 6, adjusting effective lengths to account for biases
[2025-12-27 17:12:55.091] [fileLog] [info] 
At end of round 0
==================
Observed 24487264 total fragments (24487264 in most recent round)

[2025-12-27 17:12:55.738] [jointLog] [info] Computed expected counts (for bias correction)
[2025-12-27 17:12:55.738] [jointLog] [info] processed bias for 0.0% of the transcripts
[2025-12-27 17:12:55.750] [jointLog] [info] processed bias for 10.0% of the transcripts
[2025-12-27 17:12:55.761] [jointLog] [info] processed bias for 20.1% of the transcripts
[2025-12-27 17:12:55.766] [jointLog] [info] processed bias for 30.0% of the transcripts
[2025-12-27 17:12:55.771] [jointLog] [info] processed bias for 40.1% of the transcripts
[2025-12-27 17:12:55.775] [jointLog] [info] processed bias for 50.4% of the transcripts
[2025-12-27 17:12:55.801] [jointLog] [info] processed bias for 60.0% of the transcripts
[2025-12-27 17:12:55.818] [jointLog] [info] processed bias for 70.0% of the transcripts
[2025-12-27 17:12:55.868] [jointLog] [info] processed bias for 80.0% of the transcripts
[2025-12-27 17:12:55.947] [jointLog] [info] processed bias for 90.0% of the transcripts
[2025-12-27 17:12:56.137] [jointLog] [info] processed bias for 100.0% of the transcripts
[2025-12-27 17:12:56.229] [jointLog] [info] iteration = 100 | max rel diff. = 0
[2025-12-27 17:12:56.229] [jointLog] [info] Finished optimizer
[2025-12-27 17:12:56.229] [jointLog] [info] writing output 

