[2025-12-27 16:56:24.029] [jointLog] [info] setting maxHashResizeThreads to 4
[2025-12-27 16:56:24.029] [jointLog] [info] Fragment incompatibility prior below threshold.  Incompatible fragments will be ignored.
[2025-12-27 16:56:24.029] [jointLog] [info] Usage of --validateMappings implies use of minScoreFraction. Since not explicitly specified, it is being set to 0.65
[2025-12-27 16:56:24.029] [jointLog] [info] Setting consensusSlack to selective-alignment default of 0.35.
[2025-12-27 16:56:24.029] [jointLog] [info] parsing read library format
[2025-12-27 16:56:24.029] [jointLog] [info] There is 1 library.
[2025-12-27 16:56:24.031] [jointLog] [info] Loading pufferfish index
[2025-12-27 16:56:24.031] [jointLog] [info] Loading dense pufferfish index.
[2025-12-27 16:56:24.102] [jointLog] [info] done
[2025-12-27 16:56:24.119] [jointLog] [info] Index contained 20,900 targets
[2025-12-27 16:56:24.146] [jointLog] [info] Number of decoys : 0
[2025-12-27 17:00:00.477] [jointLog] [info] Automatically detected most likely library type as IU

[2025-12-27 17:03:54.957] [jointLog] [info] Computed 5,449 rich equivalence classes for further processing
[2025-12-27 17:03:54.958] [jointLog] [info] Counted 344,816 total reads in the equivalence classes 
[2025-12-27 17:03:54.960] [jointLog] [info] Number of mappings discarded because of alignment score : 2,434,558
[2025-12-27 17:03:54.960] [jointLog] [info] Number of fragments entirely discarded because of alignment score : 1,651,363
[2025-12-27 17:03:54.960] [jointLog] [info] Number of fragments discarded because they are best-mapped to decoys : 0
[2025-12-27 17:03:54.960] [jointLog] [info] Number of fragments discarded because they have only dovetail (discordant) mappings to valid targets : 39,608
[2025-12-27 17:03:54.960] [jointLog] [warning] Only 344816 fragments were mapped, but the number of burn-in fragments was set to 5000000.
The effective lengths have been computed using the observed mappings.

[2025-12-27 17:03:54.960] [jointLog] [info] Mapping rate = 1.52558%

[2025-12-27 17:03:54.960] [jointLog] [info] finished quantifyLibrary()
[2025-12-27 17:03:54.960] [jointLog] [info] Starting optimizer
[2025-12-27 17:03:54.965] [jointLog] [info] Marked 0 weighted equivalence classes as degenerate
[2025-12-27 17:03:54.967] [jointLog] [info] iteration = 0 | max rel diff. = 657.313
[2025-12-27 17:03:54.972] [jointLog] [info] iteration 6, adjusting effective lengths to account for biases
[2025-12-27 17:03:54.958] [fileLog] [info] 
At end of round 0
==================
Observed 22602226 total fragments (22602226 in most recent round)

[2025-12-27 17:03:55.640] [jointLog] [info] Computed expected counts (for bias correction)
[2025-12-27 17:03:55.640] [jointLog] [info] processed bias for 0.0% of the transcripts
[2025-12-27 17:03:55.655] [jointLog] [info] processed bias for 10.0% of the transcripts
[2025-12-27 17:03:55.663] [jointLog] [info] processed bias for 20.1% of the transcripts
[2025-12-27 17:03:55.668] [jointLog] [info] processed bias for 30.0% of the transcripts
[2025-12-27 17:03:55.673] [jointLog] [info] processed bias for 40.1% of the transcripts
[2025-12-27 17:03:55.677] [jointLog] [info] processed bias for 50.4% of the transcripts
[2025-12-27 17:03:55.703] [jointLog] [info] processed bias for 60.0% of the transcripts
[2025-12-27 17:03:55.719] [jointLog] [info] processed bias for 70.0% of the transcripts
[2025-12-27 17:03:55.769] [jointLog] [info] processed bias for 80.0% of the transcripts
[2025-12-27 17:03:55.859] [jointLog] [info] processed bias for 90.0% of the transcripts
[2025-12-27 17:03:56.037] [jointLog] [info] processed bias for 100.0% of the transcripts
[2025-12-27 17:03:56.158] [jointLog] [info] iteration = 100 | max rel diff. = 7.13232e-09
[2025-12-27 17:03:56.158] [jointLog] [info] Finished optimizer
[2025-12-27 17:03:56.158] [jointLog] [info] writing output 

